// Jest Snapshot v1, https://goo.gl/fbAQLP

exports[`<PeopleList /> should match the snapshot 1`] = `
<Table
  as="table"
  celled={true}
  padded={true}
  sortable={true}
>
  <TableHeader
    as="thead"
  >
    <TableRow
      as="tr"
      cellAs="td"
    >
      <TableHeaderCell
        as="th"
        onClick={[Function]}
        singleLine={true}
        sorted={null}
      >
        First Name
      </TableHeaderCell>
      <TableHeaderCell
        as="th"
        onClick={[Function]}
        singleLine={true}
        sorted={null}
      >
        Last Name
      </TableHeaderCell>
      <TableHeaderCell
        as="th"
        onClick={[Function]}
        singleLine={true}
        sorted={null}
      >
        Email
      </TableHeaderCell>
      <TableHeaderCell
        as="th"
        onClick={[Function]}
        singleLine={true}
        sorted={null}
      >
        Status
      </TableHeaderCell>
      <TableHeaderCell
        as="th"
        onClick={[Function]}
        singleLine={true}
        sorted={null}
      >
        Group
      </TableHeaderCell>
    </TableRow>
  </TableHeader>
  <TableBody
    as="tbody"
  />
</Table>
`;
